#
# There is insufficient memory for the Java Runtime Environment to continue.
# Native memory allocation (mmap) failed to map 132120576 bytes. Error detail: G1 virtual space
# Possible reasons:
#   The system is out of physical RAM or swap space
#   This process is running with CompressedOops enabled, and the Java Heap may be blocking the growth of the native heap
# Possible solutions:
#   Reduce memory load on the system
#   Increase physical memory or swap space
#   Check if swap backing store is full
#   Decrease Java heap size (-Xmx/-Xms)
#   Decrease number of Java threads
#   Decrease Java thread stack sizes (-Xss)
#   Set larger code cache with -XX:ReservedCodeCacheSize=
#   JVM is running with Unscaled Compressed Oops mode in which the Java heap is
#     placed in the first 4GB address space. The Java Heap base address is the
#     maximum limit for the native heap growth. Please use -XX:HeapBaseMinAddress
#     to set the Java Heap base and to place the Java Heap above 4GB virtual address.
# This output file may be truncated or incomplete.
#
#  Out of Memory Error (os_windows.cpp:3815), pid=14048, tid=9040
#
# JRE version:  (21.0.3+13) (build )
# Java VM: OpenJDK 64-Bit Server VM (21.0.3+13-b509.15, mixed mode, sharing, tiered, compressed oops, compressed class ptrs, g1 gc, windows-amd64)
# No core dump will be written. Minidumps are not enabled by default on client versions of Windows
#

---------------  S U M M A R Y ------------

Command Line: git4idea.http.GitAskPassApp Username for 'https://github.com': 

Host: Intel(R) Core(TM) i5-1035G1 CPU @ 1.00GHz, 8 cores, 7G,  Windows 10 , 64 bit Build 19041 (10.0.19041.5915)
Time: Thu Apr 30 16:35:12 2026 GTB Daylight Time elapsed time: 0.047098 seconds (0d 0h 0m 0s)

---------------  T H R E A D  ---------------

Current thread (0x000002bdf292d4a0):  JavaThread "Unknown thread" [_thread_in_vm, id=9040, stack(0x000000f6b0300000,0x000000f6b0400000) (1024K)]

Stack: [0x000000f6b0300000,0x000000f6b0400000]
Native frames: (J=compiled Java code, j=interpreted, Vv=VM code, C=native code)
V  [jvm.dll+0x6e02f9]
V  [jvm.dll+0x8bd383]
V  [jvm.dll+0x8bf8de]
V  [jvm.dll+0x8bffc3]
V  [jvm.dll+0x2879c6]
V  [jvm.dll+0x6dcac5]
V  [jvm.dll+0x6d0f9a]
V  [jvm.dll+0x35f9bb]
V  [jvm.dll+0x367566]
V  [jvm.dll+0x3b8b56]
V  [jvm.dll+0x3b8e28]
V  [jvm.dll+0x33217c]
V  [jvm.dll+0x332e6b]
V  [jvm.dll+0x8845e9]
V  [jvm.dll+0x3c5f38]
V  [jvm.dll+0x86d80d]
V  [jvm.dll+0x45ab9e]
V  [jvm.dll+0x45c771]
C  [jli.dll+0x52ab]
C  [ucrtbase.dll+0x21bb2]
C  [KERNEL32.DLL+0x17374]
C  [ntdll.dll+0x4cc91]


---------------  P R O C E S S  ---------------

Threads class SMR info:
_java_thread_list=0x00007ffe848fd108, length=0, elements={
}

Java Threads: ( => current thread )
Total: 0

Other Threads:
  0x000002bdf2b923c0 WorkerThread "GC Thread#0"                     [id=12784, stack(0x000000f6b0400000,0x000000f6b0500000) (1024K)]
  0x000002bdf2ba35f0 ConcurrentGCThread "G1 ro.ase.cts.main.ro.ase.cts.main.ro.ase.cts.main.ase.cts.main.ro.ase.cts.main.ro.ase.cts.main.ro.ase.cts.main.ro.ase.cts.main.ro.ase.cts.main.ro.ase.cts.main.ro.ase.cts.main.ro.ase.cts.main.ro.ase.cts.main.ro.ase.cts.main.ro.ase.cts.main.Main Marker"            [id=8684, stack(0x000000f6b0500000,0x000000f6b0600000) (1024K)]
  0x000002bdf2ba40f0 WorkerThread "G1 Conc#0"                       [id=24136, stack(0x000000f6b0600000,0x000000f6b0700000) (1024K)]

[error occurred during error reporting (printing all threads), id 0xc0000005, EXCEPTION_ACCESS_VIOLATION (0xc0000005) at pc=0x00007ffe83ff52d7]
VM state: not at safepoint (not fully initialized)

VM Mutex/Monitor currently owned by a thread:  ([mutex/lock_event])
[0x00007ffe84971858] Heap_lock - owner thread: 0x000002bdf292d4a0

Heap address: 0x0000000083800000, size: 1992 MB, Compressed Oops mode: 32-bit

CDS archive(s) mapped at: [0x0000000000000000-0x0000000000000000-0x0000000000000000), size 0, SharedBaseAddress: 0x0000000800000000, ArchiveRelocationMode: 1.
Narrow klass base: 0x0000000000000000, Narrow klass shift: 0, Narrow klass range: 0x0

GC Precious Log:
 CardTable entry size: 512
 Card Set container configuration: InlinePtr #cards 5 size 8 Array Of Cards #cards 12 size 40 Howl #buckets 4 coarsen threshold 1843 Howl Bitmap #cards 512 size 80 coarsen threshold 460 Card regions per heap region 1 cards per card region 2048

Heap:
 garbage-first heap   total 0K, used 0K [0x0000000083800000, 0x0000000100000000)
  region size 1024K, 0 young (0K), 0 survivors (0K)
 Metaspace       used 0K, committed 0K, reserved 0K
  class space    used 0K, committed 0K, reserved 0K

Heap Regions: E=young(eden), S=young(survivor), O=old, HS=humongous(starts), HC=humongous(continues), CS=collection set, F=free, TAMS=top-at-mark-start, PB=parsable bottom

Card table byte_map: [0x000002bdf90c0000,0x000002bdf94b0000] _byte_map_base: 0x000002bdf8ca4000

Marking Bits: (CMBitMap*) 0x000002bdf2b92ac0
 Bits: [0x000002bdf94b0000, 0x000002bdfb3d0000)

GC Heap History (0 events):
No events

Dll operation events (1 events):
Event: 0.034 Loaded shared library C:\Program Files\JetBrains\IntelliJ IDEA Community Edition 2024.2.2\jbr\bin\java.dll

Deoptimization events (0 events):
No events

Classes loaded (0 events):
No events

Classes unloaded (0 events):
No events

Classes redefined (0 events):
No events

Internal exceptions (0 events):
No events

ZGC Phase Switch (0 events):
No events

VM Operations (0 events):
No events

Events (0 events):
No events


Dynamic libraries:
0x00007ff650d20000 - 0x00007ff650d2a000 	C:\Program Files\JetBrains\IntelliJ IDEA Community Edition 2024.2.2\jbr\bin\java.exe
0x00007fff4cb30000 - 0x00007fff4cd28000 	C:\WINDOWS\SYSTEM32\ntdll.dll
0x00007fff4b8a0000 - 0x00007fff4b962000 	C:\WINDOWS\System32\KERNEL32.DLL
0x00007fff4a3e0000 - 0x00007fff4a6d6000 	C:\WINDOWS\System32\KERNELBASE.dll
0x00007fff4a880000 - 0x00007fff4a980000 	C:\WINDOWS\System32\ucrtbase.dll
0x00007fff34f00000 - 0x00007fff34f1b000 	C:\Program Files\JetBrains\IntelliJ IDEA Community Edition 2024.2.2\jbr\bin\VCRUNTIME140.dll
0x00007fff34f60000 - 0x00007fff34f78000 	C:\Program Files\JetBrains\IntelliJ IDEA Community Edition 2024.2.2\jbr\bin\jli.dll
0x00007fff4bed0000 - 0x00007fff4c071000 	C:\WINDOWS\System32\USER32.dll
0x00007fff4a3b0000 - 0x00007fff4a3d2000 	C:\WINDOWS\System32\win32u.dll
0x00007fff2f120000 - 0x00007fff2f3bb000 	C:\WINDOWS\WinSxS\amd64_microsoft.windows.common-controls_6595b64144ccf1df_6.0.19041.6456_none_60b8a6cb71f64256\COMCTL32.dll
0x00007fff4bb90000 - 0x00007fff4bbbb000 	C:\WINDOWS\System32\GDI32.dll
0x00007fff4b1c0000 - 0x00007fff4b25e000 	C:\WINDOWS\System32\msvcrt.dll
0x00007fff4aa30000 - 0x00007fff4ab49000 	C:\WINDOWS\System32\gdi32full.dll
0x00007fff4a7e0000 - 0x00007fff4a87d000 	C:\WINDOWS\System32\msvcp_win.dll
0x00007fff4c260000 - 0x00007fff4c28f000 	C:\WINDOWS\System32\IMM32.DLL
0x00007fff404f0000 - 0x00007fff404fc000 	C:\Program Files\JetBrains\IntelliJ IDEA Community Edition 2024.2.2\jbr\bin\vcruntime140_1.dll
0x00007ffef5f30000 - 0x00007ffef5fbd000 	C:\Program Files\JetBrains\IntelliJ IDEA Community Edition 2024.2.2\jbr\bin\msvcp140.dll
0x00007ffe83cb0000 - 0x00007ffe84a62000 	C:\Program Files\JetBrains\IntelliJ IDEA Community Edition 2024.2.2\jbr\bin\server\jvm.dll
0x00007fff4b970000 - 0x00007fff4ba21000 	C:\WINDOWS\System32\ADVAPI32.dll
0x00007fff4c130000 - 0x00007fff4c1cf000 	C:\WINDOWS\System32\sechost.dll
0x00007fff4bdb0000 - 0x00007fff4bed0000 	C:\WINDOWS\System32\RPCRT4.dll
0x00007fff4a7b0000 - 0x00007fff4a7d7000 	C:\WINDOWS\System32\bcrypt.dll
0x00007fff4bab0000 - 0x00007fff4bb1b000 	C:\WINDOWS\System32\WS2_32.dll
0x00007fff496c0000 - 0x00007fff4970b000 	C:\WINDOWS\SYSTEM32\POWRPROF.dll
0x00007fff43100000 - 0x00007fff43127000 	C:\WINDOWS\SYSTEM32\WINMM.dll
0x00007fff42e00000 - 0x00007fff42e0a000 	C:\WINDOWS\SYSTEM32\VERSION.dll
0x00007fff49580000 - 0x00007fff49592000 	C:\WINDOWS\SYSTEM32\UMPDC.dll
0x00007fff489c0000 - 0x00007fff489d2000 	C:\WINDOWS\SYSTEM32\kernel.appcore.dll
0x00007fff404e0000 - 0x00007fff404ea000 	C:\Program Files\JetBrains\IntelliJ IDEA Community Edition 2024.2.2\jbr\bin\jimage.dll
0x00007fff47d80000 - 0x00007fff47f81000 	C:\WINDOWS\SYSTEM32\DBGHELP.DLL
0x00007fff1d650000 - 0x00007fff1d684000 	C:\WINDOWS\SYSTEM32\dbgcore.DLL
0x00007fff4a320000 - 0x00007fff4a3a2000 	C:\WINDOWS\System32\bcryptPrimitives.dll
0x00007fff1e090000 - 0x00007fff1e0af000 	C:\Program Files\JetBrains\IntelliJ IDEA Community Edition 2024.2.2\jbr\bin\java.dll

dbghelp: loaded successfully - version: 4.0.5 - missing functions: none
symbol engine: initialized successfully - sym options: 0x614 - pdb path: .;C:\Program Files\JetBrains\IntelliJ IDEA Community Edition 2024.2.2\jbr\bin;C:\WINDOWS\SYSTEM32;C:\WINDOWS\WinSxS\amd64_microsoft.windows.common-controls_6595b64144ccf1df_6.0.19041.6456_none_60b8a6cb71f64256;C:\Program Files\JetBrains\IntelliJ IDEA Community Edition 2024.2.2\jbr\bin\server

VM Arguments:
java_command: git4idea.http.GitAskPassApp Username for 'https://github.com': 
java_class_path (initial): C:/Program Files/JetBrains/IntelliJ IDEA Community Edition 2024.2.2/plugins/vcs-git/lib/git4idea-rt.jar;C:/Program Files/JetBrains/IntelliJ IDEA Community Edition 2024.2.2/lib/externalProcess-rt.jar
Launcher Type: SUN_STANDARD

[Global flags]
     intx CICompilerCount                          = 4                                         {product} {ergonomic}
     uint ConcGCThreads                            = 2                                         {product} {ergonomic}
     uint G1ConcRefinementThreads                  = 8                                         {product} {ergonomic}
   size_t G1HeapRegionSize                         = 1048576                                   {product} {ergonomic}
    uintx GCDrainStackTargetSize                   = 64                                        {product} {ergonomic}
   size_t InitialHeapSize                          = 132120576                                 {product} {ergonomic}
   size_t MarkStackSize                            = 4194304                                   {product} {ergonomic}
   size_t MaxHeapSize                              = 2088763392                                {product} {ergonomic}
   size_t MinHeapDeltaBytes                        = 1048576                                   {product} {ergonomic}
   size_t MinHeapSize                              = 8388608                                   {product} {ergonomic}
    uintx NonNMethodCodeHeapSize                   = 5839372                                {pd product} {ergonomic}
    uintx NonProfiledCodeHeapSize                  = 122909434                              {pd product} {ergonomic}
    uintx ProfiledCodeHeapSize                     = 122909434                              {pd product} {ergonomic}
    uintx ReservedCodeCacheSize                    = 251658240                              {pd product} {ergonomic}
     bool SegmentedCodeCache                       = true                                      {product} {ergonomic}
   size_t SoftMaxHeapSize                          = 2088763392                             {manageable} {ergonomic}
     bool UseCompressedOops                        = true                           {product lp64_product} {ergonomic}
     bool UseG1GC                                  = true                                      {product} {ergonomic}
     bool UseLargePagesIndividualAllocation        = false                                  {pd product} {ergonomic}

Logging:
Log output configuration:
 #0: stdout all=warning uptime,level,tags foldmultilines=false
 #1: stderr all=off uptime,level,tags foldmultilines=false

Environment Variables:
PATH=E:\Git\mingw64\libexec\git-core;E:\Git\mingw64\libexec\git-core;E:\Git\mingw64\bin;E:\Git\usr\bin;C:\Users\Tobescu\bin;C:\Python314\Scripts;C:\Python314;C:\Program Files (x86)\Common Files\Oracle\Java\javapath;C:\Program Files\Common Files\Oracle\Java\javapath;C:\Program Files (x86)\Common Files\Intel\Shared Libraries\redist\intel64_win\compiler;C:\WINDOWS\system32;C:\WINDOWS;C:\WINDOWS\System32\Wbem;C:\WINDOWS\System32\WindowsPowerShell\v1.0;C:\WINDOWS\System32\OpenSSH;C:\Program Files\PuTTY;C:\MinGW\bin;C:\Program Files\dotnet;C:\Program Files\Microsoft SQL Server\150\Tools\Binn;C:\Program Files\Microsoft SQL Server\Client SDK\ODBC\170\Tools\Binn;E:\Git\cmd;C:\Users\Tobescu\AppData\Local\Programs\Python\Python312;C:\Users\Tobescu\AppData\Local\Programs\Python\Python312\Scripts;C:\ProgramData\chocolatey\bin;C:\Program Files\Docker\Docker\resources\bin;E:\node_js;C:\Users\Tobescu\AppData\Local\Programs\Python\Python310\Scripts;C:\Users\Tobescu\AppData\Local\Programs\Python\Python310;C:\Users\Tobescu\AppData\Local\Microsoft\WindowsApps;C:\Users\Tobescu\AppData\Local\Programs\Microsoft VS Code\bin;C:\Users\Tobescu\.dotnet\tools;E:\PyCharm Community Edition 2024.2.1\bin;C:\Users\Tobescu\IntelliJ IDEA 2024.2.6\bin;C:\Program Files\JetBrains\IntelliJ IDEA Community Edition 2024.2.2\bin;C:\Users\Tobescu\AppData\Local\GitHubDesktop\bin;E:\Antigravity\bin;C:\Users\Tobescu\AppData\Roaming\npm
USERNAME=Tobescu
DISPLAY=:0.0
LC_ALL=en_US.UTF-8
TERM=xterm-256color
TMPDIR=C:\Users\Tobescu\AppData\Local\Temp
OS=Windows_NT
PROCESSOR_IDENTIFIER=Intel64 Family 6 Model 126 Stepping 5, GenuineIntel
TMP=C:\Users\Tobescu\AppData\Local\Temp
TEMP=C:\Users\Tobescu\AppData\Local\Temp




Periodic native trim disabled

JNI global refs:
JNI global refs: 0, weak refs: 0

JNI global refs memory usage: 0, weak refs: 0

Process memory usage:
Resident Set Size: 10744K (0% of 8159104K total physical memory with 387632K free physical memory)

OOME stack traces (most recent first):
Classloader memory used:

---------------  S Y S T E M  ---------------

OS:
 Windows 10 , 64 bit Build 19041 (10.0.19041.5915)
OS uptime: 8 days 7:06 hours
Hyper-V role detected

CPU: total 8 (initial active 8) (4 cores per cpu, 2 threads per core) family 6 model 126 stepping 5 microcode 0x4a, cx8, cmov, fxsr, ht, mmx, 3dnowpref, sse, sse2, sse3, ssse3, sse4.1, sse4.2, popcnt, lzcnt, tsc, tscinvbit, avx, avx2, aes, erms, clmul, bmi1, bmi2, adx, avx512f, avx512dq, avx512cd, avx512bw, avx512vl, sha, fma, vzeroupper, avx512_vpopcntdq, avx512_vpclmulqdq, avx512_vaes, avx512_vnni, clflush, clflushopt, avx512_vbmi2, avx512_vbmi, hv, rdtscp, rdpid, fsrm, gfni, avx512_bitalg, f16c, avx512_ifma
Processor Information for all 8 processors :
  Max Mhz: 1190, Current Mhz: 991, Mhz Limit: 987

Memory: 4k page, system-wide physical 7967M (378M free)
TotalPageFile size 20992M (AvailPageFile size 119M)
current process WorkingSet (physical memory assigned to process): 10M, peak: 10M
current process commit charge ("private bytes"): 60M, peak: 186M

vm_info: OpenJDK 64-Bit Server VM (21.0.3+13-b509.15) for windows-amd64 JRE (21.0.3+13-b509.15), built on 2024-09-04 by "builduser" with MS VC++ 16.10 / 16.11 (VS2019)

END.
