#
# There is insufficient memory for the Java Runtime Environment to continue.
# Native memory allocation (mmap) failed to map 2064384 bytes. Error detail: G1 virtual space
# Possible reasons:
#   The system is out of physical RAM or swap space
#   This process is running with CompressedOops enabled, and the Java Heap may be blocking the growth of the native heap
# Possible solutions:
#   Reduce memory load on the system
#   Increase physical memory or swap space
#   Check if swap backing store is full
#   Decrease Java heap size (-Xmx/-Xms)
#   Decrease number of Java threads
#   Decrease Java thread stack sizes (-Xss)
#   Set larger code cache with -XX:ReservedCodeCacheSize=
#   JVM is running with Unscaled Compressed Oops mode in which the Java heap is
#     placed in the first 4GB address space. The Java Heap base address is the
#     maximum limit for the native heap growth. Please use -XX:HeapBaseMinAddress
#     to set the Java Heap base and to place the Java Heap above 4GB virtual address.
# This output file may be truncated or incomplete.
#
#  Out of Memory Error (os_windows.cpp:3564), pid=1608, tid=16452
#
# JRE version:  (24.0.1+9) (build )
# Java VM: OpenJDK 64-Bit Server VM (24.0.1+9-30, mixed mode, sharing, tiered, compressed oops, compressed class ptrs, g1 gc, windows-amd64)
# No core dump will be written. Minidumps are not enabled by default on client versions of Windows
#

---------------  S U M M A R Y ------------

Command Line: --enable-preview -javaagent:C:\Program Files\JetBrains\IntelliJ IDEA Community Edition 2024.2.2\lib\idea_rt.jar=60136:C:\Program Files\JetBrains\IntelliJ IDEA Community Edition 2024.2.2\bin -Dfile.encoding=UTF-8 -Dsun.stdout.encoding=UTF-8 -Dsun.stderr.encoding=UTF-8 ro.ase.cts.main.Main

Host: Intel(R) Core(TM) i5-1035G1 CPU @ 1.00GHz, 8 cores, 7G,  Windows 10 , 64 bit Build 19041 (10.0.19041.5915)
Time: Thu Apr 30 16:37:09 2026 GTB Daylight Time elapsed time: 0.029996 seconds (0d 0h 0m 0s)

---------------  T H R E A D  ---------------

Current thread (0x0000022b51c83720):  JavaThread "Unknown thread" [_thread_in_vm, id=16452, stack(0x000000850a300000,0x000000850a400000) (1024K)]

Stack: [0x000000850a300000,0x000000850a400000]
Native frames: (J=compiled Java code, j=interpreted, Vv=VM code, C=native code)
V  [jvm.dll+0x730739]  (no source info available)
V  [jvm.dll+0x8d9b23]  (no source info available)
V  [jvm.dll+0x8dc00d]  (no source info available)
V  [jvm.dll+0x8dc683]  (no source info available)
V  [jvm.dll+0x2aa086]  (no source info available)
V  [jvm.dll+0x72cc65]  (no source info available)
V  [jvm.dll+0x72059a]  (no source info available)
V  [jvm.dll+0x390cea]  (no source info available)
V  [jvm.dll+0x3989f6]  (no source info available)
V  [jvm.dll+0x385253]  (no source info available)
V  [jvm.dll+0x3854f8]  (no source info available)
V  [jvm.dll+0x35d0cc]  (no source info available)
V  [jvm.dll+0x35dd8d]  (no source info available)
V  [jvm.dll+0x89d28f]  (no source info available)
V  [jvm.dll+0x3f985d]  (no source info available)
V  [jvm.dll+0x8858e6]  (no source info available)
V  [jvm.dll+0x495f3e]  (no source info available)
V  [jvm.dll+0x497d11]  (no source info available)
C  [jli.dll+0x52a1]  (no source info available)
C  [ucrtbase.dll+0x21bb2]  (no source info available)
C  [KERNEL32.DLL+0x17374]  (no source info available)
C  [ntdll.dll+0x4cc91]  (no source info available)

Lock stack of current Java thread (top to bottom):


---------------  P R O C E S S  ---------------

Threads class SMR info:
_java_thread_list=0x00007ffe820bf318, length=0, elements={
}

Java Threads: ( => current thread )
Total: 0

Other Threads:
  0x0000022b53ed83b0 WorkerThread "GC Thread#0"                     [id=21240, stack(0x000000850a400000,0x000000850a500000) (1024K)]
  0x0000022b53eecb40 ConcurrentGCThread "G1 Main Marker"            [id=28056, stack(0x000000850a500000,0x000000850a600000) (1024K)]
  0x0000022b53eed7d0 WorkerThread "G1 Conc#0"                       [id=16364, stack(0x000000850a600000,0x000000850a700000) (1024K)]

[error occurred during error reporting (printing all threads), id 0xc0000005, EXCEPTION_ACCESS_VIOLATION (0xc0000005) at pc=0x00007ffe817f14ea]
VM state: not at safepoint (not fully initialized)

VM Mutex/Monitor currently owned by a thread:  ([mutex/lock_event])
[0x00007ffe821445b0] Heap_lock - owner thread: 0x0000022b51c83720

Heap address: 0x0000000083800000, size: 1992 MB, Compressed Oops mode: 32-bit

CDS archive(s) mapped at: [0x0000000000000000-0x0000000000000000-0x0000000000000000), size 0, SharedBaseAddress: 0x0000000800000000, ArchiveRelocationMode: 1.
UseCompressedClassPointers 1, UseCompactObjectHeaders 0
Narrow klass pointer bits 32, Max shift 3
Narrow klass base: 0xffffffffffffffff, Narrow klass shift: -1
Encoding Range: [0xffffffffffffffff - 0x000000007fffffff), (2147483648 bytes)
Klass Range:    [0x0000000000000000 - 0x0000000000000000), (0 bytes)
Klass ID Range:  [4294967295 - 0) (1)

GC Precious Log:
 CardTable entry size: 512
 Card Set container configuration: InlinePtr #cards 5 size 8 Array Of Cards #cards 10 size 36 Howl #buckets 4 coarsen threshold 1843 Howl Bitmap #cards 512 size 80 coarsen threshold 460 Card regions per heap region 1 cards per card region 2048

Heap:
 garbage-first heap   total reserved 2039808K, committed 0K, used 0K [0x0000000083800000, 0x0000000100000000)
  region size 1024K, 0 young (0K), 0 survivors (0K)

[error occurred during error reporting (printing heap information), id 0xc0000005, EXCEPTION_ACCESS_VIOLATION (0xc0000005) at pc=0x00007ffe81c0e3e9]
GC Heap History (0 events):
No events

Dll operation events (1 events):
Event: 0.022 Loaded shared library C:\Users\Tobescu\.jdks\openjdk-24.0.1\bin\java.dll

Deoptimization events (0 events):
No events

Classes loaded (0 events):
No events

Classes unloaded (0 events):
No events

Classes redefined (0 events):
No events

Internal exceptions (0 events):
No events

VM Operations (0 events):
No events

Memory protections (0 events):
No events

Nmethod flushes (0 events):
No events

Events (0 events):
No events


Dynamic libraries:
0x00007ff65c530000 - 0x00007ff65c53e000 	C:\Users\Tobescu\.jdks\openjdk-24.0.1\bin\java.exe
0x00007fff4cb30000 - 0x00007fff4cd28000 	C:\WINDOWS\SYSTEM32\ntdll.dll
0x00007fff4b8a0000 - 0x00007fff4b962000 	C:\WINDOWS\System32\KERNEL32.DLL
0x00007fff4a3e0000 - 0x00007fff4a6d6000 	C:\WINDOWS\System32\KERNELBASE.dll
0x00007fff4a880000 - 0x00007fff4a980000 	C:\WINDOWS\System32\ucrtbase.dll
0x00007fff1beb0000 - 0x00007fff1becb000 	C:\Users\Tobescu\.jdks\openjdk-24.0.1\bin\VCRUNTIME140.dll
0x00007fff34f60000 - 0x00007fff34f76000 	C:\Users\Tobescu\.jdks\openjdk-24.0.1\bin\jli.dll
0x00007fff4bed0000 - 0x00007fff4c071000 	C:\WINDOWS\System32\USER32.dll
0x00007fff4a3b0000 - 0x00007fff4a3d2000 	C:\WINDOWS\System32\win32u.dll
0x00007fff2f120000 - 0x00007fff2f3bb000 	C:\WINDOWS\WinSxS\amd64_microsoft.windows.common-controls_6595b64144ccf1df_6.0.19041.6456_none_60b8a6cb71f64256\COMCTL32.dll
0x00007fff4bb90000 - 0x00007fff4bbbb000 	C:\WINDOWS\System32\GDI32.dll
0x00007fff4b1c0000 - 0x00007fff4b25e000 	C:\WINDOWS\System32\msvcrt.dll
0x00007fff4aa30000 - 0x00007fff4ab49000 	C:\WINDOWS\System32\gdi32full.dll
0x00007fff4a7e0000 - 0x00007fff4a87d000 	C:\WINDOWS\System32\msvcp_win.dll
0x00007fff4c260000 - 0x00007fff4c28f000 	C:\WINDOWS\System32\IMM32.DLL
0x00007fff434a0000 - 0x00007fff434ac000 	C:\Users\Tobescu\.jdks\openjdk-24.0.1\bin\vcruntime140_1.dll
0x00007ffef6e40000 - 0x00007ffef6ece000 	C:\Users\Tobescu\.jdks\openjdk-24.0.1\bin\msvcp140.dll
0x00007ffe81480000 - 0x00007ffe82222000 	C:\Users\Tobescu\.jdks\openjdk-24.0.1\bin\server\jvm.dll
0x00007fff4b970000 - 0x00007fff4ba21000 	C:\WINDOWS\System32\ADVAPI32.dll
0x00007fff4c130000 - 0x00007fff4c1cf000 	C:\WINDOWS\System32\sechost.dll
0x00007fff4bdb0000 - 0x00007fff4bed0000 	C:\WINDOWS\System32\RPCRT4.dll
0x00007fff4a7b0000 - 0x00007fff4a7d7000 	C:\WINDOWS\System32\bcrypt.dll
0x00007fff4bab0000 - 0x00007fff4bb1b000 	C:\WINDOWS\System32\WS2_32.dll
0x00007fff496c0000 - 0x00007fff4970b000 	C:\WINDOWS\SYSTEM32\POWRPROF.dll
0x00007fff43100000 - 0x00007fff43127000 	C:\WINDOWS\SYSTEM32\WINMM.dll
0x00007fff42e00000 - 0x00007fff42e0a000 	C:\WINDOWS\SYSTEM32\VERSION.dll
0x00007fff49580000 - 0x00007fff49592000 	C:\WINDOWS\SYSTEM32\UMPDC.dll
0x00007fff489c0000 - 0x00007fff489d2000 	C:\WINDOWS\SYSTEM32\kernel.appcore.dll
0x00007fff41f90000 - 0x00007fff41f9a000 	C:\Users\Tobescu\.jdks\openjdk-24.0.1\bin\jimage.dll
0x00007fff47d80000 - 0x00007fff47f81000 	C:\WINDOWS\SYSTEM32\DBGHELP.DLL
0x00007fff1d650000 - 0x00007fff1d684000 	C:\WINDOWS\SYSTEM32\dbgcore.DLL
0x00007fff4a320000 - 0x00007fff4a3a2000 	C:\WINDOWS\System32\bcryptPrimitives.dll
0x00007fff2e470000 - 0x00007fff2e47f000 	C:\Users\Tobescu\.jdks\openjdk-24.0.1\bin\instrument.dll
0x00007fff15270000 - 0x00007fff1528e000 	C:\Users\Tobescu\.jdks\openjdk-24.0.1\bin\java.dll
0x00007fff4acd0000 - 0x00007fff4adfb000 	C:\WINDOWS\System32\ole32.dll
0x00007fff4ae60000 - 0x00007fff4b1b4000 	C:\WINDOWS\System32\combase.dll
0x00007fff4c380000 - 0x00007fff4caf0000 	C:\WINDOWS\System32\SHELL32.dll

JVMTI agents:
C:\Program Files\JetBrains\IntelliJ IDEA Community Edition 2024.2.2\lib\idea_rt.jar path:none, loaded, not initialized, instrumentlib options:60136:C:\Program Files\JetBrains\IntelliJ IDEA Community Edition 2024.2.2\bin

dbghelp: loaded successfully - version: 4.0.5 - missing functions: none
symbol engine: initialized successfully - sym options: 0x614 - pdb path: .;C:\Users\Tobescu\.jdks\openjdk-24.0.1\bin;C:\WINDOWS\SYSTEM32;C:\WINDOWS\WinSxS\amd64_microsoft.windows.common-controls_6595b64144ccf1df_6.0.19041.6456_none_60b8a6cb71f64256;C:\Users\Tobescu\.jdks\openjdk-24.0.1\bin\server

VM Arguments:
jvm_args: --enable-preview -javaagent:C:\Program Files\JetBrains\IntelliJ IDEA Community Edition 2024.2.2\lib\idea_rt.jar=60136:C:\Program Files\JetBrains\IntelliJ IDEA Community Edition 2024.2.2\bin -Dfile.encoding=UTF-8 -Dsun.stdout.encoding=UTF-8 -Dsun.stderr.encoding=UTF-8 
java_command: ro.ase.cts.main.Main
java_class_path (initial): C:\Users\Tobescu\Desktop\ASE\CTS\seminar\out\production\FlyweightSTB
Launcher Type: SUN_STANDARD

[Global flags]
     intx CICompilerCount                          = 4                                         {product} {ergonomic}
     uint ConcGCThreads                            = 2                                         {product} {ergonomic}
     uint G1ConcRefinementThreads                  = 8                                         {product} {ergonomic}
   size_t G1HeapRegionSize                         = 1048576                                   {product} {ergonomic}
   size_t InitialHeapSize                          = 132120576                                 {product} {ergonomic}
   size_t MarkStackSize                            = 4194304                                   {product} {ergonomic}
   size_t MarkStackSizeMax                         = 536870912                                 {product} {ergonomic}
   size_t MaxHeapSize                              = 2088763392                                {product} {ergonomic}
   size_t MinHeapDeltaBytes                        = 1048576                                   {product} {ergonomic}
   size_t MinHeapSize                              = 8388608                                   {product} {ergonomic}
    uintx NonNMethodCodeHeapSize                   = 5832704                                {pd product} {ergonomic}
    uintx NonProfiledCodeHeapSize                  = 122945536                              {pd product} {ergonomic}
    uintx ProfiledCodeHeapSize                     = 122880000                              {pd product} {ergonomic}
    uintx ReservedCodeCacheSize                    = 251658240                              {pd product} {ergonomic}
     bool SegmentedCodeCache                       = true                                      {product} {ergonomic}
   size_t SoftMaxHeapSize                          = 2088763392                             {manageable} {ergonomic}
     bool UseCompressedOops                        = true                           {product lp64_product} {ergonomic}
     bool UseG1GC                                  = true                                      {product} {ergonomic}
     bool UseLargePagesIndividualAllocation        = false                                  {pd product} {ergonomic}

Logging:
Log output configuration:
 #0: stdout all=warning uptime,level,tags foldmultilines=false
 #1: stderr all=off uptime,level,tags foldmultilines=false

Environment Variables:
PATH=C:\Python314\Scripts\;C:\Python314\;C:\Program Files (x86)\Common Files\Oracle\Java\javapath;C:\Program Files\Common Files\Oracle\Java\javapath;c:\Program Files (x86)\Common Files\Intel\Shared Libraries\redist\intel64_win\compiler;C:\WINDOWS\system32;C:\WINDOWS;C:\WINDOWS\System32\Wbem;C:\WINDOWS\System32\WindowsPowerShell\v1.0\;C:\WINDOWS\System32\OpenSSH\;C:\Program Files\PuTTY\;C:\MinGW\bin;C:\Program Files\dotnet\;C:\Program Files\Microsoft SQL Server\150\Tools\Binn\;C:\Program Files\Microsoft SQL Server\Client SDK\ODBC\170\Tools\Binn\;E:\Git\cmd;C:\Users\Tobescu\AppData\Local\Programs\Python\Python312;C:\Users\Tobescu\AppData\Local\Programs\Python\Python312\Scripts;C:\ProgramData\chocolatey\bin;C:\Program Files\Docker\Docker\resources\bin;E:\node_js\;C:\Users\Tobescu\AppData\Local\Programs\Python\Python310\Scripts\;C:\Users\Tobescu\AppData\Local\Programs\Python\Python310\;C:\Users\Tobescu\AppData\Local\Microsoft\WindowsApps;C:\Users\Tobescu\AppData\Local\Programs\Microsoft VS Code\bin;C:\Users\Tobescu\.dotnet\tools;E:\PyCharm Community Edition 2024.2.1\bin;;C:\Users\Tobescu\IntelliJ IDEA 2024.2.6\bin;;C:\Program Files\JetBrains\IntelliJ IDEA Community Edition 2024.2.2\bin;;C:\Users\Tobescu\AppData\Local\GitHubDesktop\bin;E:\Antigravity\bin;C:\Users\Tobescu\AppData\Roaming\npm
USERNAME=Tobescu
OS=Windows_NT
PROCESSOR_IDENTIFIER=Intel64 Family 6 Model 126 Stepping 5, GenuineIntel
TMP=C:\Users\Tobescu\AppData\Local\Temp
TEMP=C:\Users\Tobescu\AppData\Local\Temp




Periodic native trim disabled

---------------  S Y S T E M  ---------------

OS:
 Windows 10 , 64 bit Build 19041 (10.0.19041.5915)
OS uptime: 8 days 7:08 hours
Hyper-V role detected

CPU: total 8 (initial active 8) (4 cores per cpu, 2 threads per core) family 6 model 126 stepping 5 microcode 0x4a, cx8, cmov, fxsr, ht, mmx, 3dnowpref, sse, sse2, sse3, ssse3, sse4.1, sse4.2, popcnt, lzcnt, tsc, tscinvbit, avx, avx2, aes, erms, clmul, bmi1, bmi2, adx, avx512f, avx512dq, avx512cd, avx512bw, avx512vl, sha, fma, vzeroupper, avx512_vpopcntdq, avx512_vpclmulqdq, avx512_vaes, avx512_vnni, clflush, clflushopt, avx512_vbmi2, avx512_vbmi, hv, rdtscp, rdpid, fsrm, gfni, avx512_bitalg, f16c, avx512_ifma
Processor Information for the first 8 processors :
  Max Mhz: 1190, Current Mhz: 991, Mhz Limit: 987

Memory: 4k page, system-wide physical 7967M (233M free)
TotalPageFile size 20992M (AvailPageFile size 2M)
current process WorkingSet (physical memory assigned to process): 12M, peak: 12M
current process commit charge ("private bytes"): 187M, peak: 188M

vm_info: OpenJDK 64-Bit Server VM (24.0.1+9-30) for windows-amd64 JRE (24.0.1+9-30), built on 2025-03-05T07:23:45Z with MS VC++ 17.6 (VS2022)

END.
